Γû▓ Next.js 16.2.1 (Turbopack)

  Creating an optimized production build ...
Γ£ô Compiled successfully in 3.6s
  Running TypeScript ...
node.exe : Failed to type check.
At line:1 char:1
+ & "C:\Program Files\nodejs/node.exe" "C:\Program 
Files\nodejs/node_mo ...
+ ~~~~~~~~~~~~~~~~~~~~~~~~~~~~~~~~~~~~~~~~~~~~~~~~~~~~
~~~~~~~~~~~~~~~~~
    + CategoryInfo          : NotSpecified: (Failed t 
   o type check.:String) [], RemoteException
    + FullyQualifiedErrorId : NativeCommandError
 

./components/Footer.tsx:35:34
Type error: Property 'email' does not exist on type 
'{ name: string; address: string; phone: string; }'.

  [90m33 |[0m               <p className=[32m"flex 
items-center"[0m>
  [90m34 |[0m                 <[33mMail[0m 
className=[32m"mr-2 h-5 w-5 shrink-0 
text-primary"[0m />
[31m[1m>[0m [90m35 |[0m                 
<span>{[33mSITE_INFO[0m.email}</span>
  [90m   |[0m                                  
[31m[1m^[0m
  [90m36 |[0m               </p>
  [90m37 |[0m             </div>
  [90m38 |[0m
Next.js build worker exited with code: 1 and signal: 
null
